[KMAIN] Starting AlopexOS kernel initialization...
[TEST] Allocating test dynarr...
[TEST] Calling resize(5)...
[TEST] Resize succeeded!
[DISPLAYS] Waiting for Limine framebuffer response...
[DISPLAYS] Framebuffer response received successfully!
[DISPLAYS] Resizing dynamic screen buffer...
[DISPLAYS] Iterating framebuffers...
[DISPLAYS] Direct screen placement initialization...
[DISPLAYS] Constructor fully completed.
[KMAIN] Display manager initialized.
[KMAIN] Main screen pointer acquired successfully.
[KMAIN] Screen dimensions obtained.
[IBus] Limine HHDM offset retrieved successfully.
[IBus] Limine RSDP response found.
[IBus] Extracting RSDT base address...
[IBus] MCFG table successfully located in RSDT!
[KMAIN] Found storage device index
[KMAIN] Found storage device index
[KMAIN] Beginning fade-in loop...
[KMAIN] Fade-in complete.
[GAOSSD] Limine HHDM offset retrieved successfully.
[GAOSSD] PCIe Subsystem active! Searching for NVMe BAR0...
[GAOSSD] NVMe Controller found! Initializing NVMe driver...
[NVME] Controller was already enabled, resetting...
[NVME] Submitting Identify Controller (NSID=FFFFFFFF)...
[NVME] Identify Controller completed successfully.
[NVME] Submitting Identify Namespace (NSID=1)...
[NVME] Identify Namespace completed successfully.
[NVME INFO] Namespace Size (NSZE): 0000000000020000
[NVME] Submitting Format NVM (NSID=1, LBAF=0)...
[NVME] Format NVM completed successfully.
[NVME] Submitting Namespace Attach (NSID=1)...
[NVME] Namespace is already attached (ignoring status 0x18).
[NVME] Submitting Create I/O Completion Queue...
[NVME] Submitting Create I/O Submission Queue...
[NVME] I/O Queues created successfully.
[NVME] Controller init completed successfully.
[GAOSSD] NVMe Controller successfully initialized, READY, and Identified!
[GAOSSD] Model Number:  QEMU NVMe Ctrl                          
[GAOSSD] Serial Number: ALOPEX_NVME_01      
[GAOSSD] Firmware Rev:  10.2.2  
[ABTRFS] Attempting format via AbtrFS context...
[ABTRFS] Formatting device with valid header...
[NVME] Submitting I/O Write Command...
[ABTRFS] Successfully formatted and wrote partition header!
[ABTRFS] Format command completed successfully!
[ABTRFS] Attempting mount on device handle...
[NVME] Submitting I/O Read Command...
[ABTRFS] Successfully mounted!
[KMAIN] AbtrFS formatted and mounted successfully!
[TEST] Starting AbtrFS file creation & write test for Fox.txt...
[TEST] Writing file to path: /Fox.txt...
[NVME] Submitting I/O Write Command...
[NVME] Submitting I/O Write Command...
[NVME] Submitting I/O Write Command...
[TEST] FILE WRITE TEST: PASSED!
[TEST] Reading file back from path: /Fox.txt...
[NVME] Submitting I/O Read Command...
[ABTRFS] read_file: section_count=1, size=0, payload_offset=0
[NVME] Submitting I/O Read Command...
[TEST] file_data.size = 12
[TEST] read_data.size = 0
[TEST] read_res.value().size = 0
[TEST] ERROR: Read size mismatch!
[KMAIN] System initialization completed successfully. Entering idle loop.
